Microchip MPLAB XC8 Compiler V2.45

Linker command line:

-W-3 \
  --edf=C:/Program Files/Microchip/MPLABX/v6.20/packs/Microchip/PIC16Fxxx_DFP/1.6.156/xc8\pic\dat\20231012211500_en.msgs \
  -cn -h+dist/default/debug\washing_machine.X.debug.sym \
  --cmf=dist/default/debug\washing_machine.X.debug.cmf -z -Q16F877A \
  -oC:\Users\HP\AppData\Local\Temp\xcAson0.\driver_tmp_3.o \
  --defsym=__MPLAB_BUILD=1 --fixupoverflow=error \
  -Mdist/default/debug/washing_machine.X.debug.map \
  --md=C:\Users\HP\AppData\Local\Temp\xcAson0.\driver_tmp_0.dat -E1 \
  -ver=XC8 Compiler --acfsm=1493 -ACODE=00h-07FFhx4 -ASTRCODE=00h-01FFFh \
  -ASTRING=00h-0FFhx32 -ACONST=00h-0FFhx32 -AENTRY=00h-0FFhx32 \
  -ACOMMON=070h-07Fh -ABANK0=020h-06Fh -ABANK1=0A0h-0EFh \
  -ABANK2=0110h-016Fh -ABANK3=0190h-01EFh \
  -ARAM=020h-06Fh,0A0h-0EFh,0110h-016Fh,0190h-01EFh \
  -AABS1=020h-07Fh,0A0h-0EFh,0110h-016Fh,0190h-01EFh -ASFR0=00h-01Fh \
  -ASFR1=080h-09Fh -ASFR2=0100h-010Fh -ASFR3=0180h-018Fh \
  -ACONFIG=02007h-02007h -DCONFIG=2 -AIDLOC=02000h-02003h -DIDLOC=2 \
  -AEEDATA=00h-0FFh/02100h -peeprom_data=EEDATA -DEEDATA=2 -DCODE=2 \
  -DSTRCODE=2 -DSTRING=2 -DCONST=2 -DENTRY=2 \
  -preset_vec=00h,intentry=04h,init,end_init -ppowerup=CODE -pcinit=CODE \
  -pfunctab=ENTRY -k \
  C:\Users\HP\AppData\Local\Temp\xcAson0.\driver_tmp_12.o \
  dist/default/debug\washing_machine.X.debug.o 

Object code version is 3.11

Machine type is 16F877A



                Name                               Link     Load   Length Selector   Space Scale
C:\Users\HP\AppData\Local\Temp\xcAson0.\driver_tmp_12.o
                end_init                              C        C        3        8       0
                reset_vec                             0        0        3        0       0
                config                             2007     2007        1        0       4
dist/default/debug\washing_machine.X.debug.o
                cinit                                 F        F       3A        8       0
                intentry                              4        4        8        8       0
                config                             2007     2007        1        0       4
                text27                             14D5     14D5       40     29AA       0
                text26                             13EE     13EE       20     27DC       0
                text25                             156B     156B       57     2AD6       0
                text24                             1397     1397        B     272E       0
                text23                             1391     1391        6     2722       0
                text22                             13A2     13A2        C     2744       0
                text21                             13D4     13D4       1A     27A8       0
                text20                             14A2     14A2       33     2944       0
                text19                             13BF     13BF       15     277E       0
                text18                             16EF     16EF       74     2DDE       0
                text17                             1515     1515       56     2A2A       0
                text16                             161B     161B       69     2C36       0
                text15                             15C2     15C2       59     2B84       0
                text14                              803      803       A4     1006       0
                text13                             1479     1479       29     28F2       0
                text12                              430      430      345        8       0
                text11                              DA0      DA0      260     1B40       0
                text10                             1430     1430       24     2860       0
                text9                               775      775       78        8       0
                text8                              1454     1454       25     28A8       0
                text7                               8A7      8A7       BA     114E       0
                text6                              13AE     13AE       11     275C       0
                text5                              1684     1684       6B     2D08       0
                text4                                49       49      3E7        8       0
                text3                               BCE      BCE      1D2     179C       0
                text2                               961      961      109     12C2       0
                text1                              1763     1763       9D     2EC6       0
                maintext                            A6A      A6A      164     14D4       0
                cstackBANK0                          20       20       43       20       1
                cstackCOMMON                         70       70        9       70       1
                cstackBANK1                          CA       CA        7       A0       1
                inittext                            7ED      7ED       13        8       0
                dataBANK1                            A0       A0       22       A0       1
                bssBANK1                             C2       C2        8       A0       1
                dataBANK0                            6A       6A        3       20       1
                bssBANK0                             63       63        7       20       1
                dataCOMMON                           7B       7B        1       70       1
                bssCOMMON                            79       79        2       70       1
                stringtext                         1000     1000      17F       20       0
                strings                            117F     117F       12     22FE       0
                idataBANK1                         140E     140E       22     281C       0
                idataBANK0                          800      800        3        8       0
                idataCOMMON                           3        3        1        0       0

TOTAL           Name                               Link     Load   Length     Space
        CLASS   CODE           
                end_init                              C        C        3         0
                cinit                                 F        F       3A         0
                intentry                              4        4        8         0
                reset_vec                             0        0        3         0
                text27                             14D5     14D5       40         0
                text26                             13EE     13EE       20         0
                text25                             156B     156B       57         0
                text24                             1397     1397        B         0
                text23                             1391     1391        6         0
                text22                             13A2     13A2        C         0
                text21                             13D4     13D4       1A         0
                text20                             14A2     14A2       33         0
                text19                             13BF     13BF       15         0
                text18                             16EF     16EF       74         0
                text17                             1515     1515       56         0
                text16                             161B     161B       69         0
                text15                             15C2     15C2       59         0
                text14                              803      803       A4         0
                text13                             1479     1479       29         0
                text12                              430      430      345         0
                text11                              DA0      DA0      260         0
                text10                             1430     1430       24         0
                text9                               775      775       78         0
                text8                              1454     1454       25         0
                text7                               8A7      8A7       BA         0
                text6                              13AE     13AE       11         0
                text5                              1684     1684       6B         0
                text4                                49       49      3E7         0
                text3                               BCE      BCE      1D2         0
                text2                               961      961      109         0
                text1                              1763     1763       9D         0
                maintext                            A6A      A6A      164         0
                inittext                            7ED      7ED       13         0
                idataBANK1                         140E     140E       22         0
                idataBANK0                          800      800        3         0
                idataCOMMON                           3        3        1         0

        CLASS   STRCODE        
                stringtext                         1000     1000      17F         0

        CLASS   STRING         
                strings                            117F     117F       12         0

        CLASS   CONST          

        CLASS   ENTRY          

        CLASS   COMMON         
                cstackCOMMON                         70       70        9         1
                dataCOMMON                           7B       7B        1         1
                bssCOMMON                            79       79        2         1

        CLASS   BANK0          
                cstackBANK0                          20       20       43         1
                dataBANK0                            6A       6A        3         1
                bssBANK0                             63       63        7         1

        CLASS   BANK1          
                cstackBANK1                          CA       CA        7         1
                dataBANK1                            A0       A0       22         1
                bssBANK1                             C2       C2        8         1

        CLASS   BANK2          

        CLASS   BANK3          

        CLASS   RAM            

        CLASS   ABS1           
                abs_s1                               7E       7E        2         1

        CLASS   SFR0           

        CLASS   SFR1           

        CLASS   SFR2           

        CLASS   SFR3           

        CLASS   CONFIG         
                config                             2007     2007        1         4

        CLASS   IDLOC          

        CLASS   EEDATA         

        CLASS   HEAP           

        CLASS   STACK          



SEGMENTS        Name                           Load    Length   Top    Selector   Space  Class     Delta

                reset_vec                      000000  000004  000004         0       0  CODE        2
                intentry                       000004  0007FF  000803         8       0  CODE        2
                cstackBANK0                    000020  00004D  00006D        20       1  BANK0       1
                cstackCOMMON                   000070  00000C  00007C        70       1  COMMON      1
                dataBANK1                      0000A0  000031  0000D1        A0       1  BANK1       1
                text14                         000803  0000A4  0008A7      1006       0  CODE        2
                text7                          0008A7  0000BA  000961      114E       0  CODE        2
                text2                          000961  000109  000A6A      12C2       0  CODE        2
                maintext                       000A6A  000164  000BCE      14D4       0  CODE        2
                text3                          000BCE  0001D2  000DA0      179C       0  CODE        2
                text11                         000DA0  000260  001000      1B40       0  CODE        2
                stringtext                     001000  00017F  00117F        20       0  STRCODE     2
                strings                        00117F  000012  001191      22FE       0  STRING      2
                text23                         001391  000006  001397      2722       0  CODE        2
                text24                         001397  00000B  0013A2      272E       0  CODE        2
                text22                         0013A2  00000C  0013AE      2744       0  CODE        2
                text6                          0013AE  000011  0013BF      275C       0  CODE        2
                text19                         0013BF  000015  0013D4      277E       0  CODE        2
                text21                         0013D4  00001A  0013EE      27A8       0  CODE        2
                text26                         0013EE  000020  00140E      27DC       0  CODE        2
                idataBANK1                     00140E  000022  001430      281C       0  CODE        2
                text10                         001430  000024  001454      2860       0  CODE        2
                text8                          001454  000025  001479      28A8       0  CODE        2
                text13                         001479  000029  0014A2      28F2       0  CODE        2
                text20                         0014A2  000033  0014D5      2944       0  CODE        2
                text27                         0014D5  000040  001515      29AA       0  CODE        2
                text17                         001515  000056  00156B      2A2A       0  CODE        2
                text25                         00156B  000057  0015C2      2AD6       0  CODE        2
                text15                         0015C2  000059  00161B      2B84       0  CODE        2
                text16                         00161B  000069  001684      2C36       0  CODE        2
                text5                          001684  00006B  0016EF      2D08       0  CODE        2
                text18                         0016EF  000074  001763      2DDE       0  CODE        2
                text1                          001763  00009D  001800      2EC6       0  CODE        2


UNUSED ADDRESS RANGES

        Name                Unused          Largest block    Delta
        BANK0            006D-006F              3           1
        BANK1            00D1-00EF             1F           1
        BANK2            0110-016F             60           1
        BANK3            0190-01EF             60           1
        CODE             1191-1390            200           2
                         1800-1FFF            800
        COMMON           007C-007D              2           1
        CONST            1191-1390            100           2
                         1800-1FFF            100
        EEDATA           2100-21FF            100           2
        ENTRY            1191-1390            100           2
                         1800-1FFF            100
        IDLOC            2000-2003              4           2
        RAM              006D-006F              3           1
                         00D1-00EF             1F
                         0110-016F             60
                         0190-01EF             60
        SFR0             0000-001F             20           1
        SFR1             0080-009F             20           1
        SFR2             0100-010F             10           1
        SFR3             0180-018F             10           1
        STRCODE          1191-1390            200           2
                         1800-1FFF            800
        STRING           1191-1390            100           2
                         1800-1FFF            100

                                  Symbol Table

?__Umul8_16                      cstackCOMMON 0072
?___awdiv                        cstackCOMMON 0072
?___awmod                        cstackCOMMON 0072
?___fladd                        cstackBANK0  0020
?___flmul                        cstackBANK0  002A
?___flsub                        cstackBANK0  0044
?___fltol                        cstackBANK0  0044
?___wmul                         cstackCOMMON 0072
?___xxtofl                       cstackCOMMON 0072
_GIE                             (abs)        005F
_PEIE                            (abs)        005E
_PORTB                           (abs)        0006
_PORTD                           (abs)        0008
_PR2                             (abs)        0092
_RB0                             (abs)        0030
_RC1                             (abs)        0039
_RC2                             (abs)        003A
_RE1                             (abs)        0049
_RE2                             (abs)        004A
_T2CON                           (abs)        0012
_TMR2                            (abs)        0011
_TMR2IE                          (abs)        0461
_TMR2IF                          (abs)        0061
_TMR2ON                          (abs)        0092
_TRISB                           (abs)        0086
_TRISC1                          (abs)        0439
_TRISC2                          (abs)        043A
_TRISD                           (abs)        0088
_TRISE1                          (abs)        0449
_TRISE2                          (abs)        044A
__H__absolute__                  __absolute__ 0000
__Habs1                          abs1         0000
__Hbank0                         bank0        0000
__Hbank1                         bank1        0000
__Hbank2                         bank2        0000
__Hbank3                         bank3        0000
__HbssBANK0                      bssBANK0     0000
__HbssBANK1                      bssBANK1     0000
__HbssCOMMON                     bssCOMMON    0000
__Hcinit                         cinit        0049
__Hclrtext                       clrtext      0000
__Hcode                          code         0000
__Hcommon                        common       0000
__Hconfig                        config       2008
__HcstackBANK0                   cstackBANK0  0000
__HcstackBANK1                   cstackBANK1  0000
__HcstackCOMMON                  cstackCOMMON 0000
__HdataBANK0                     dataBANK0    0000
__HdataBANK1                     dataBANK1    0000
__HdataCOMMON                    dataCOMMON   0000
__Heeprom_data                   eeprom_data  0000
__Hend_init                      end_init     000F
__Hfunctab                       functab      0000
__Hheap                          heap         0000
__HidataBANK0                    idataBANK0   0000
__HidataBANK1                    idataBANK1   0000
__HidataCOMMON                   idataCOMMON  0000
__Hinit                          init         000C
__Hinittext                      inittext     0000
__Hintentry                      intentry     000C
__Hmaintext                      maintext     0000
__Hpowerup                       powerup      0000
__Hram                           ram          0000
__Hreset_vec                     reset_vec    0003
__Hsfr0                          sfr0         0000
__Hsfr1                          sfr1         0000
__Hsfr2                          sfr2         0000
__Hsfr3                          sfr3         0000
__Hspace_0                       (abs)        1800
__Hspace_1                       (abs)        00D1
__Hspace_2                       (abs)        0000
__Hspace_3                       (abs)        0000
__Hspace_4                       (abs)        400F
__Hstack                         stack        0000
__Hstrings                       strings      0000
__Hstringtext                    stringtext   0000
__Htext                          text         0000
__L__absolute__                  __absolute__ 0000
__Labs1                          abs1         0000
__Lbank0                         bank0        0000
__Lbank1                         bank1        0000
__Lbank2                         bank2        0000
__Lbank3                         bank3        0000
__LbssBANK0                      bssBANK0     0000
__LbssBANK1                      bssBANK1     0000
__LbssCOMMON                     bssCOMMON    0000
__Lcinit                         cinit        000F
__Lclrtext                       clrtext      0000
__Lcode                          code         0000
__Lcommon                        common       0000
__Lconfig                        config       0000
__LcstackBANK0                   cstackBANK0  0000
__LcstackBANK1                   cstackBANK1  0000
__LcstackCOMMON                  cstackCOMMON 0000
__LdataBANK0                     dataBANK0    0000
__LdataBANK1                     dataBANK1    0000
__LdataCOMMON                    dataCOMMON   0000
__Leeprom_data                   eeprom_data  0000
__Lend_init                      end_init     000C
__Lfunctab                       functab      0000
__Lheap                          heap         0000
__LidataBANK0                    idataBANK0   0000
__LidataBANK1                    idataBANK1   0000
__LidataCOMMON                   idataCOMMON  0000
__Linit                          init         000C
__Linittext                      inittext     0000
__Lintentry                      intentry     0004
__Lmaintext                      maintext     0000
__Lpowerup                       powerup      0000
__Lram                           ram          0000
__Lreset_vec                     reset_vec    0000
__Lsfr0                          sfr0         0000
__Lsfr1                          sfr1         0000
__Lsfr2                          sfr2         0000
__Lsfr3                          sfr3         0000
__Lspace_0                       (abs)        0000
__Lspace_1                       (abs)        0000
__Lspace_2                       (abs)        0000
__Lspace_3                       (abs)        0000
__Lspace_4                       (abs)        0000
__Lstack                         stack        0000
__Lstrings                       strings      0000
__Lstringtext                    stringtext   0000
__Ltext                          text         0000
__S0                             (abs)        1800
__S1                             (abs)        00D1
__S3                             (abs)        0000
__Umul8_16                       text13       1479
__Umul8_16@multiplicand          cstackCOMMON 0072
__Umul8_16@multiplier            cstackBANK0  0024
__Umul8_16@product               cstackBANK0  0020
__Umul8_16@word_mpld             cstackBANK0  0022
___awdiv                         text16       161B
___awdiv@counter                 cstackBANK0  0020
___awdiv@dividend                cstackCOMMON 0074
___awdiv@divisor                 cstackCOMMON 0072
___awdiv@quotient                cstackBANK0  0022
___awdiv@sign                    cstackBANK0  0021
___awmod                         text15       15C2
___awmod@counter                 cstackCOMMON 0076
___awmod@dividend                cstackCOMMON 0074
___awmod@divisor                 cstackCOMMON 0072
___awmod@sign                    cstackCOMMON 0077
___fladd                         text11       0DA0
___fladd@a                       cstackBANK0  0024
___fladd@aexp                    cstackCOMMON 0073
___fladd@b                       cstackBANK0  0020
___fladd@bexp                    cstackCOMMON 0074
___fladd@grs                     cstackCOMMON 0075
___fladd@signs                   cstackCOMMON 0072
___flge                          text14       0803
___flge@ff1                      cstackBANK0  004C
___flge@ff2                      cstackBANK0  0050
___flmul                         text12       0430
___flmul@a                       cstackBANK0  002E
___flmul@aexp                    cstackBANK0  0038
___flmul@b                       cstackBANK0  002A
___flmul@bexp                    cstackBANK0  003D
___flmul@grs                     cstackBANK0  0039
___flmul@prod                    cstackBANK0  003E
___flmul@sign                    cstackBANK0  0037
___flmul@temp                    cstackBANK0  0042
___flsub                         text10       1430
___flsub@a                       cstackBANK0  0044
___flsub@b                       cstackBANK0  0048
___fltol                         text9        0775
___fltol@exp1                    cstackCOMMON 0077
___fltol@f1                      cstackBANK0  0044
___fltol@sign1                   cstackCOMMON 0076
___heap_hi                       (abs)        0000
___heap_lo                       (abs)        0000
___int_sp                        stack        0000
___int_stack_hi                  stack        0000
___int_stack_lo                  stack        0000
___latbits                       (abs)        0002
___sp                            stack        0000
___stack_hi                      stack        0000
___stack_lo                      stack        0000
___stackhi                       (abs)        0000
___stacklo                       (abs)        0000
___wmul                          text8        1454
___wmul@multiplicand             cstackCOMMON 0074
___wmul@multiplier               cstackCOMMON 0072
___wmul@product                  cstackCOMMON 0076
___xxtofl                        text7        08A7
___xxtofl@arg                    cstackBANK0  0026
___xxtofl@exp                    cstackBANK0  0025
___xxtofl@sign                   cstackBANK0  0024
___xxtofl@val                    cstackCOMMON 0072
__end_of__Umul8_16               text13       14A2
__end_of___awdiv                 text16       1684
__end_of___awmod                 text15       161B
__end_of___fladd                 text11       1000
__end_of___flge                  text14       08A7
__end_of___flmul                 text12       0775
__end_of___flsub                 text10       1454
__end_of___fltol                 text9        07ED
__end_of___wmul                  text8        1479
__end_of___xxtofl                text7        0961
__end_of__initialization         cinit        0045
__end_of__stringtab              strings      1191
__end_of_clcd_print              text20       14D5
__end_of_clcd_putch              text19       13D4
__end_of_clcd_write              text26       140E
__end_of_clear_screen            text6        13BF
__end_of_door_status_check       text5        16EF
__end_of_init_clcd               text24       13A2
__end_of_init_config             text21       13EE
__end_of_init_digital_keypad     text23       1397
__end_of_init_display_controller text25       15C2
__end_of_init_timer2             text22       13AE
__end_of_isr                     text27       1515
__end_of_main                    maintext     0BCE
__end_of_power_on_screen         text18       1763
__end_of_read_digital_keypad     text17       156B
__end_of_run_program             text4        0430
__end_of_set_time                text3        0DA0
__end_of_washing_program_display text2        0A6A
__end_of_water_level_screen      text1        1800
__initialization                 cinit        000F
__pbssBANK0                      bssBANK0     0063
__pbssBANK1                      bssBANK1     00C2
__pbssCOMMON                     bssCOMMON    0079
__pcstackBANK0                   cstackBANK0  0020
__pcstackBANK1                   cstackBANK1  00CA
__pcstackCOMMON                  cstackCOMMON 0070
__pdataBANK0                     dataBANK0    006A
__pdataBANK1                     dataBANK1    00A0
__pdataCOMMON                    dataCOMMON   007B
__pidataBANK0                    idataBANK0   0800
__pidataBANK1                    idataBANK1   140E
__pidataCOMMON                   idataCOMMON  0003
__pintentry                      intentry     0004
__pmaintext                      maintext     0A6A
__pstrings                       strings      117F
__pstringtext                    stringtext   1000
__ptext1                         text1        1763
__ptext10                        text10       1430
__ptext11                        text11       0DA0
__ptext12                        text12       0430
__ptext13                        text13       1479
__ptext14                        text14       0803
__ptext15                        text15       15C2
__ptext16                        text16       161B
__ptext17                        text17       1515
__ptext18                        text18       16EF
__ptext19                        text19       13BF
__ptext2                         text2        0961
__ptext20                        text20       14A2
__ptext21                        text21       13D4
__ptext22                        text22       13A2
__ptext23                        text23       1391
__ptext24                        text24       1397
__ptext25                        text25       156B
__ptext26                        text26       13EE
__ptext27                        text27       14D5
__ptext3                         text3        0BCE
__ptext4                         text4        0049
__ptext5                         text5        1684
__ptext6                         text6        13AE
__ptext7                         text7        08A7
__ptext8                         text8        1454
__ptext9                         text9        0775
__stringbase                     strings      1191
__stringtab                      strings      117F
_clcd_print                      text20       14A2
_clcd_putch                      text19       13BF
_clcd_write                      text26       13EE
_clear_screen                    text6        13AE
_count                           bssBANK1     00C8
_door_status_check               text5        1684
_init_clcd                       text24       1397
_init_config                     text21       13D4
_init_digital_keypad             text23       1391
_init_display_controller         text25       156B
_init_timer2                     text22       13A2
_isr                             text27       14D5
_level                           bssCOMMON    0079
_main                            maintext     0A6A
_min                             bssBANK0     0069
_operational_mode                dataBANK0    006C
_power_on_screen                 text18       16EF
_program_no                      bssCOMMON    007A
_read_digital_keypad             text17       1515
_reset_flag                      dataBANK0    006B
_rinse_time                      bssBANK1     00C4
_run_program                     text4        0049
_sec                             bssBANK0     0067
_set_time                        text3        0BCE
_spin_time                       bssBANK1     00C2
_time                            bssBANK0     0063
_total_time                      bssBANK0     0065
_wash_time                       bssBANK1     00C6
_washing_program                 dataBANK1    00A0
_washing_program_display         text2        0961
_water_level                     dataBANK1    00B8
_water_level_screen              text1        1763
btemp                            (abs)        007E
clcd_print@addr                  cstackBANK0  0022
clcd_print@str                   cstackBANK0  0020
clcd_putch@addr                  cstackCOMMON 0078
clcd_putch@data                  cstackBANK0  0024
clcd_write@byte                  cstackCOMMON 0075
clcd_write@mode                  cstackCOMMON 0072
end_of_initialization            cinit        0045
init_fetch0                      inittext     07ED
init_ram0                        inittext     07F1
interrupt_function               intentry     0004
intlevel0                        functab      0000
intlevel1                        functab      0000
intlevel2                        functab      0000
intlevel3                        functab      0000
intlevel4                        functab      0000
intlevel5                        functab      0000
main@delay                       cstackBANK1  00CA
main@delay_93                    cstackBANK1  00CE
main@key                         cstackBANK1  00D0
power_on_screen@i                cstackBANK0  0028
power_on_screen@i_196            cstackBANK0  0029
read_digital_keypad@key          cstackCOMMON 0072
read_digital_keypad@long_press   dataBANK0    006A
read_digital_keypad@once         dataCOMMON   007B
read_digital_keypad@pre_key      bssBANK0     0068
reset_vec                        reset_vec    0000
run_program@key                  cstackBANK0  005E
saved_w                          (abs)        007E
start                            init         000C
start_initialization             cinit        000F
washing_program_display@key      cstackBANK0  0027
water_level_screen@key           cstackBANK0  0027
wtemp0                           (abs)        007E


MODULE INFORMATION

Module		Function		Class		Link	Load	Size
C:\Program Files\Microchip\xc8\v2.45\pic\sources\c99\common\Umul16.c
		___wmul        		CODE           	1454	0000	37

C:\Program Files\Microchip\xc8\v2.45\pic\sources\c99\common\Umul16.c estimated size: 37

timers.c
		_init_timer2   		CODE           	13A2	0000	12

timers.c estimated size: 12

digital_keypad.c
		_init_digital_keypad		CODE           	1391	0000	6
		_read_digital_keypad		CODE           	1515	0000	86

digital_keypad.c estimated size: 92

C:\Program Files\Microchip\xc8\v2.45\pic\sources\c99\common\sprcmul.c
		___flmul       		CODE           	0430	0000	837

C:\Program Files\Microchip\xc8\v2.45\pic\sources\c99\common\sprcmul.c estimated size: 837

washing_machine_function_def.c
		_door_status_check		CODE           	1684	0000	107
		_washing_program_display		CODE           	0961	0000	265
		_water_level_screen		CODE           	1763	0000	157
		_run_program   		CODE           	0049	0000	999
		_clear_screen  		CODE           	13AE	0000	17
		_power_on_screen		CODE           	16EF	0000	116
		_set_time      		CODE           	0BCE	0000	466

washing_machine_function_def.c estimated size: 2127

C:\Program Files\Microchip\xc8\v2.45\pic\sources\c99\common\awmod.c
		___awmod       		CODE           	15C2	0000	89

C:\Program Files\Microchip\xc8\v2.45\pic\sources\c99\common\awmod.c estimated size: 89

isr.c
		_isr           		CODE           	14D5	0000	64

isr.c estimated size: 64

C:\Program Files\Microchip\xc8\v2.45\pic\sources\c99\common\flge.c
		___flge        		CODE           	0803	0000	164

C:\Program Files\Microchip\xc8\v2.45\pic\sources\c99\common\flge.c estimated size: 164

shared
		__stringtab    		STRING         	117F	0000	18
		__initialization		CODE           	000F	0000	54

shared estimated size: 72

C:\Program Files\Microchip\xc8\v2.45\pic\sources\c99\common\xxtofl.c
		___xxtofl      		CODE           	08A7	0000	186

C:\Program Files\Microchip\xc8\v2.45\pic\sources\c99\common\xxtofl.c estimated size: 186

clcd.c
		_clcd_write    		CODE           	13EE	0000	32
		_clcd_print    		CODE           	14A2	0000	51
		_clcd_putch    		CODE           	13BF	0000	21
		_init_display_controller		CODE           	156B	0000	87
		_init_clcd     		CODE           	1397	0000	11

clcd.c estimated size: 202

C:\Program Files\Microchip\xc8\v2.45\pic\sources\c99\common\Umul8_16.c
		__Umul8_16     		CODE           	1479	0000	41

C:\Program Files\Microchip\xc8\v2.45\pic\sources\c99\common\Umul8_16.c estimated size: 41

C:\Program Files\Microchip\xc8\v2.45\pic\sources\c99\common\sprcadd.c
		___flsub       		CODE           	1430	0000	36
		___fladd       		CODE           	0DA0	0000	608

C:\Program Files\Microchip\xc8\v2.45\pic\sources\c99\common\sprcadd.c estimated size: 644

main.c
		_main          		CODE           	0A6A	0000	356
		_init_config   		CODE           	13D4	0000	26

main.c estimated size: 382

C:\Program Files\Microchip\xc8\v2.45\pic\sources\c99\common\awdiv.c
		___awdiv       		CODE           	161B	0000	105

C:\Program Files\Microchip\xc8\v2.45\pic\sources\c99\common\awdiv.c estimated size: 105

C:\Program Files\Microchip\xc8\v2.45\pic\sources\c99\common\fltol.c
		___fltol       		CODE           	0775	0000	120

C:\Program Files\Microchip\xc8\v2.45\pic\sources\c99\common\fltol.c estimated size: 120

